../drivers/Src/stm32f411xx_spi_driver.c:16:6:SPI_PeriClockControl	16	static
../drivers/Src/stm32f411xx_spi_driver.c:62:6:SPI_Init	24	static
../drivers/Src/stm32f411xx_spi_driver.c:121:6:SPI_DeInit	16	static
../drivers/Src/stm32f411xx_spi_driver.c:158:9:SPI_GetFlagStatus	16	static
../drivers/Src/stm32f411xx_spi_driver.c:183:6:SPI_SendData	24	static
../drivers/Src/stm32f411xx_spi_driver.c:226:6:SPI_ReceiveData	24	static
../drivers/Src/stm32f411xx_spi_driver.c:267:9:SPI_SendDataIT	32	static
../drivers/Src/stm32f411xx_spi_driver.c:301:9:SPI_ReceiveDataIT	32	static
../drivers/Src/stm32f411xx_spi_driver.c:345:6:SPI_IRQInterruptConfig	16	static
../drivers/Src/stm32f411xx_spi_driver.c:409:6:SPI_IRQPriorityConfig	24	static
../drivers/Src/stm32f411xx_spi_driver.c:454:6:SPI_IRQHandling	24	static
../drivers/Src/stm32f411xx_spi_driver.c:541:6:SPI_PeripheralControl	16	static
../drivers/Src/stm32f411xx_spi_driver.c:567:6:SPI_SSIConfig	16	static
../drivers/Src/stm32f411xx_spi_driver.c:594:6:SPI_SSOEConfig	16	static
