../Src/012_i2c_master_rx_testingIT.c:18:6:delay	16	static
../Src/012_i2c_master_rx_testingIT.c:27:6:I2C1_GPIOInits	24	static
../Src/012_i2c_master_rx_testingIT.c:43:6:I2C1_Inits	8	static
../Src/012_i2c_master_rx_testingIT.c:53:6:GPIO_ButtonInit	24	static
../Src/012_i2c_master_rx_testingIT.c:65:5:main	24	static
../Src/012_i2c_master_rx_testingIT.c:110:6:I2C1_EV_IRQHandler	8	static
../Src/012_i2c_master_rx_testingIT.c:115:6:I2C1_ER_IRQHandler	8	static
../Src/012_i2c_master_rx_testingIT.c:120:6:I2C_ApplicationEventCallback	16	static
