../Src/013_i2c_slave_tx_string.c:15:6:delay	16	static
../Src/013_i2c_slave_tx_string.c:24:6:I2C1_GPIOInits	24	static
../Src/013_i2c_slave_tx_string.c:40:6:I2C1_Inits	8	static
../Src/013_i2c_slave_tx_string.c:50:6:GPIO_ButtonInit	24	static
../Src/013_i2c_slave_tx_string.c:62:5:main	8	static
../Src/013_i2c_slave_tx_string.c:90:6:I2C1_EV_IRQHandler	8	static
../Src/013_i2c_slave_tx_string.c:95:6:I2C1_ER_IRQHandler	8	static
../Src/013_i2c_slave_tx_string.c:100:6:I2C_ApplicationEventCallback	24	static
